<domain type='kvm'>
    <name>bootstrap.sandbox.okd.local</name>
    <memory unit='GB'>16</memory>
    <vcpu>4</vcpu>
    <os>
        <type arch='x86_64'>hvm</type>
        <bootmenu enable='no'/>
        <boot dev='hd'/>
    </os>
    <features>
        <acpi/>
        <apic/>
    </features>
    <clock offset='utc'/>
    <on_poweroff>preserve</on_poweroff>
    <on_reboot>restart</on_reboot>
    <on_crash>restart</on_crash>
    <on_lockfailure>poweroff</on_lockfailure>
    <devices>
        <disk type='file' device='disk'>
            <driver name='qemu' type='qcow2'/>
            <source file='/tmp/okd/bootstrap.sandbox.okd.local/fedora-coreos-32.20201104.3.0-qemu.x86_64.qcow2'/>
            <target dev='vda' bus='virtio'/>
        </disk>
        <interface type='network'>
            <mac address='52:54:10:00:05:58'/>
            <source network='okd_network' bridge='virbr1'/>
            <model type='virtio'/>
            <alias name='net0'/>
        </interface>
        <console type='pty'>
            <target type='serial' port='0'/>
        </console>
        <input type='mouse' bus='ps2'>
            <alias name='input0'/>
        </input>
        <input type='keyboard' bus='ps2'>
            <alias name='input1'/>
        </input>
        <graphics type='spice' port='5900' autoport='yes' listen='127.0.0.1'>
            <listen type='address' address='127.0.0.1'/>
            <image compression='off'/>
        </graphics>
        <video>
            <model type='cirrus' vram='16384' heads='1' primary='yes'/>
            <alias name='video0'/>
        </video>
        <memballoon model='virtio'/>
    </devices>
    <commandline xmlns="http://libvirt.org/schemas/domain/qemu/1.0">
        <arg value='-fw_cfg'/>
        <arg value='name=opt/com.coreos/config,file=/tmp/okd/bootstrap.sandbox.okd.local.ign'/>
    </commandline>
</domain>